// Jest Snapshot v1, https://goo.gl/fbAQLP

exports[`matches snapshot 1`] = `
<div
  className="primary-text card"
  data-testid="todo-1"
  id="about-card"
>
  <div
    className="card-body"
  >
    <div
      className="card-title h5"
      id="aboutTitle"
    >
      About
    </div>
    <p
      className="card-text"
      id="aboutPart"
    >
      Apex Stocks was designed to be a central location for users to track their stock positions. Allows users to enter their stock purchases and sales, which will be reflected in our portfolio, showing stock specific and overall gains and losses. Leverages Yahoo Finance API to produce real-time stock details. Ensured application security by leveraging JSON Web Tokens and partial integration of Spring Security.
    </p>
  </div>
</div>
`;
