// Jest Snapshot v1, https://goo.gl/fbAQLP

exports[`matches snapshot 1`] = `
<div
  className="border border-0 logoApp m-3 accent-text card"
  id="logo-card"
>
  <div
    className="card-body"
    id="logo"
  >
    <svg
      viewBox="0 0 12.93 11.56"
      xmlns="http://www.w3.org/2000/svg"
    >
      <g
        fill="rgb(59, 101, 255)"
      >
        <path
          d="M7.15,0A5.78,5.78,0,0,0,1.37,5.78a5.66,5.66,0,0,0,.51,2.36L0,10.2l.87.8L2.51,9.21A5.78,5.78,0,1,0,7.15,0Zm0,10.38A4.55,4.55,0,0,1,3.33,8.31l.49-.53L5,9.07l3.8-4.3,1.84,2,.87-.8L8.78,3,5,7.31,3.82,6l-1,1.14a4.7,4.7,0,0,1-.22-1.39,4.6,4.6,0,1,1,4.6,4.6Z"
        />
      </g>
    </svg>
    <p
      className="d-flex justify-content-center card-text"
      id="appName"
    >
      APEX STOCKS
    </p>
  </div>
</div>
`;
