// Jest Snapshot v1, https://goo.gl/fbAQLP

exports[`matches snapshot 1`] = `
<div
  className="border border-0 logoApp m-3 card"
  id="logo-card"
>
  <div
    className="card-body"
    id="logo"
  >
    <img
      alt="logo"
      className="card-img"
      src="logo-white.svg"
    />
    <p
      className="d-flex justify-content-center card-text"
      id="appName"
    >
      APEX STOCKS
    </p>
  </div>
</div>
`;
