// Jest Snapshot v1, https://goo.gl/fbAQLP

exports[`matches snapshot 1`] = `
<div
  className="w-20 border border-0  card"
  style={
    Object {
      "color": "black",
    }
  }
>
  <div
    className="carousel slide"
    onMouseEnter={[Function]}
    onMouseLeave={[Function]}
  >
    <div
      className="carousel-inner"
    />
    <a
      className="carousel-control-prev"
      onClick={[Function]}
      role="button"
      style={
        Object {
          "cursor": "pointer",
        }
      }
      tabIndex="0"
    >
      <span
        aria-hidden="true"
        className="carousel-control-prev-icon"
      />
      <span
        className="sr-only"
      />
    </a>
    <a
      className="carousel-control-next"
      onClick={[Function]}
      role="button"
      style={
        Object {
          "cursor": "pointer",
        }
      }
      tabIndex="0"
    >
      <span
        aria-hidden="true"
        className="carousel-control-next-icon"
      />
      <span
        className="sr-only"
      />
    </a>
  </div>
</div>
`;
