// Jest Snapshot v1, https://goo.gl/fbAQLP

exports[`matches snapshot 1`] = `
<div
  className="secondary-color"
>
  <div
    className="h2"
    id="account-header"
  >
    <span
      className="m-5 secondary-text"
      id="header-span"
    />
  </div>
  <div
    className="container"
    style={
      Object {
        "alignItems": "center",
        "display": "flex",
        "justifyContent": "center",
      }
    }
  >
    <div
      className="row"
    >
      <div
        className="row py-3"
        style={
          Object {
            "borderStyle": "solid",
          }
        }
      >
        <h2>
          You don't have any portfolios yet
        </h2>
      </div>
    </div>
  </div>
</div>
`;
