// Jest Snapshot v1, https://goo.gl/fbAQLP

exports[`matches snapshot 1`] = `
<div
  id="chart"
>
  <div
    height={350}
    options={
      Object {
        "chart": Object {
          "height": 350,
          "type": "line",
          "zoom": Object {
            "enabled": false,
          },
        },
        "grid": Object {
          "borderColor": "#f1f1f1",
        },
        "legend": Object {
          "tooltipHoverFormatter": [Function],
        },
        "markers": Object {
          "hover": Object {
            "sizeOffset": 6,
          },
          "size": 0,
        },
        "stroke": Object {
          "curve": "straight",
          "dashArray": Array [
            0,
            8,
          ],
          "width": Array [
            5,
            7,
          ],
        },
        "title": Object {
          "align": "center",
          "text": "Portfolio Statistics",
        },
        "tooltip": Object {
          "y": Array [
            Object {
              "title": Object {
                "formatter": [Function],
              },
            },
            Object {
              "title": Object {
                "formatter": [Function],
              },
            },
          ],
        },
        "xaxis": Object {
          "categories": Array [
            2021-08-11T20:42:25.442Z,
            2021-08-12T20:42:25.442Z,
            2021-08-13T20:42:25.442Z,
            2021-08-14T20:42:25.442Z,
            2021-08-15T20:42:25.442Z,
            2021-08-16T20:42:25.442Z,
            2021-08-17T20:42:25.442Z,
          ],
          "convertedCatToNumeric": true,
          "labels": Object {
            "format": "dd/MM",
            "trim": true,
          },
          "type": "category",
        },
      }
    }
    series={
      Array [
        Object {
          "data": Array [],
          "name": "Portfolio Value",
        },
        Object {
          "data": Array [],
          "name": "Amount Invested",
        },
      ]
    }
    type="line"
    width={800}
  />
</div>
`;
