// Jest Snapshot v1, https://goo.gl/fbAQLP

exports[`matches snapshot 1`] = `
<div
  className="container-fluid p-0"
>
  <nav
    className="navbar navbar-expand-lg navbar-dark bg-dark primary-color"
  >
    <img
      alt="Logo"
      className="m-2"
      src="apexstocks.jpg"
    />
    <button
      aria-controls="navbarNav"
      aria-expanded="false"
      aria-label="Toggle navigation"
      className="navbar-toggler"
      data-bs-target="#navbarNav"
      data-bs-toggle="collapse"
      type="button"
    >
      <span
        className="navbar-toggler-icon"
      />
    </button>
    <div
      className="collapse navbar-collapse"
      id="navbarNav"
    >
      <div
        className=" d-flex flex-column flex-md-row justify-content-between flex-fill"
      >
        <ul
          className="navbar-nav primary-text"
        >
          <li
            className="nav-item"
          >
            <a
              aria-current="page"
              className="nav-link active"
              href="/"
            >
              Home
            </a>
          </li>
          <li
            className="nav-item"
          >
            <div
              className="text-white py-0 border-0 dropdown"
              onMouseLeave={[Function]}
            >
              <div
                className="btn rounded-0 "
                href=""
                onMouseEnter={[Function]}
              >
                <span
                  className="text-white"
                >
                  Portfolios
                </span>
              </div>
            </div>
          </li>
          <li
            className="nav-item"
          >
            <a
              aria-current="page"
              className="nav-link active"
              href="/about"
            >
              About Us
            </a>
          </li>
          <li
            className="nav-item"
          >
            <a
              aria-current="page"
              className="nav-link active align-item-center"
              href="/new-transaction"
            >
              Transaction
            </a>
          </li>
        </ul>
        <div
          className="d-flex align-self-center me-3"
        >
          <span
            className="align-self-center p1"
          >
            <i
              className="bi-person-circle text-white"
            />
          </span>
          <div
            className="navbar-nav dropdown"
          >
            <a
              aria-expanded="false"
              className="nav-link dropdown-toggle active"
              data-bs-toggle="dropdown"
              href="#"
              id="navbarDropdown"
              role="button"
            >
              Account
            </a>
            <ul
              aria-labelledby="navbarDropdown"
              className="dropdown-menu dropdown-menu-end dropdown-menu-gray"
            >
              <li>
                <a
                  className="dropdown-item"
                  href="/login"
                >
                  Log in
                </a>
              </li>
              <li>
                <a
                  className="dropdown-item"
                  href="/register"
                >
                  Sign up
                </a>
              </li>
              <li>
                <a
                  className="dropdown-item"
                  href="/home"
                >
                  Log Out
                </a>
              </li>
            </ul>
          </div>
        </div>
      </div>
    </div>
  </nav>
</div>
`;
